hello4
hello4
hello4
hello4
